// Jest Snapshot v1, https://goo.gl/fbAQLP

exports[`IdeaContainer should match snapshot 1`] = `undefined`;
