// Jest Snapshot v1, https://goo.gl/fbAQLP

exports[`IdeaCard should match snapshot 1`] = `undefined`;
